src/components/landing/DashboardPreview.tsx(137,83): error TS1382: Unexpected token. Did you mean `{'>'}` or `&gt;`?
src/components/landing/DashboardPreview.tsx(138,83): error TS1382: Unexpected token. Did you mean `{'>'}` or `&gt;`?
src/components/landing/DashboardPreview.tsx(139,85): error TS1382: Unexpected token. Did you mean `{'>'}` or `&gt;`?
src/components/landing/DashboardPreview.tsx(140,83): error TS1382: Unexpected token. Did you mean `{'>'}` or `&gt;`?
src/components/landing/DashboardPreview.tsx(141,83): error TS1382: Unexpected token. Did you mean `{'>'}` or `&gt;`?
src/components/landing/DashboardPreview.tsx(142,85): error TS1382: Unexpected token. Did you mean `{'>'}` or `&gt;`?
src/components/landing/DashboardPreview.tsx(144,83): error TS1382: Unexpected token. Did you mean `{'>'}` or `&gt;`?
src/components/landing/DashboardPreview.tsx(145,83): error TS1382: Unexpected token. Did you mean `{'>'}` or `&gt;`?
src/components/landing/DashboardPreview.tsx(146,85): error TS1382: Unexpected token. Did you mean `{'>'}` or `&gt;`?
src/components/landing/DashboardPreview.tsx(147,83): error TS1382: Unexpected token. Did you mean `{'>'}` or `&gt;`?
src/components/landing/DashboardPreview.tsx(148,83): error TS1382: Unexpected token. Did you mean `{'>'}` or `&gt;`?
src/components/landing/DashboardPreview.tsx(149,85): error TS1382: Unexpected token. Did you mean `{'>'}` or `&gt;`?
